==============================================================================
НЕСМЕЩЁННАЯ ОЦЕНКА (nested CV: модель и порог не видят тестовую фолду)
seed=42  splits=5  repeats=2
==============================================================================

-- сравнение составов ансамбля --
состав                             F1     +/-       AUC     thr
lgbm                           0.9473  0.0029   0.99260   0.670   [35s]
logreg                         0.9474  0.0026   0.99235   0.667   [2s]
lgbm+logreg                    0.9531  0.0020   0.99345   0.666   [40s]
lgbm+catboost                  0.9511  0.0030   0.99284   0.669   [184s]
lgbm+catboost+logreg           0.9559  0.0025   0.99350   0.673   [184s]
lr_spline                      0.9591  0.0025   0.99364   0.670   [44s]
lgbm+lr_spline                 0.9565  0.0023   0.99374   0.669   [77s]
lgbm+lr_spline+logreg          0.9567  0.0021   0.99385   0.669   [80s]
catboost+lr_spline             0.9572  0.0024   0.99366   0.668   [199s]

Лучший по AUC: lgbm+lr_spline+logreg

-- финальный ансамбль ['lr_spline'], nested CV --
    rep0 fold0: F1=0.9565 AUC=0.99345 thr=0.677  [4s]
    rep0 fold1: F1=0.9513 AUC=0.99225 thr=0.679  [8s]
    rep0 fold2: F1=0.9569 AUC=0.99241 thr=0.672  [13s]
    rep0 fold3: F1=0.9686 AUC=0.99414 thr=0.664  [17s]
    rep0 fold4: F1=0.9595 AUC=0.99517 thr=0.671  [22s]
    rep1 fold0: F1=0.9435 AUC=0.98819 thr=0.664  [26s]
    rep1 fold1: F1=0.9620 AUC=0.99781 thr=0.670  [31s]
    rep1 fold2: F1=0.9633 AUC=0.99698 thr=0.669  [35s]
    rep1 fold3: F1=0.9708 AUC=0.99278 thr=0.672  [39s]
    rep1 fold4: F1=0.9586 AUC=0.99325 thr=0.665  [43s]
------------------------------------------------------------------------------
F1  = 0.9591 +/- 0.0025 (std 0.0080, min 0.9435, max 0.9708)
AUC = 0.99364 +/- 0.00085
порог = 0.6703 +/- 0.0050
Это честная оценка того, что модель покажет на невидимом тесте.
